../Core/Src/main.c:106:6:start_measurement	8	static
../Core/Src/main.c:116:6:stop_measurement	8	static
../Core/Src/main.c:128:6:set_pins_to_start_measurement	8	static
../Core/Src/main.c:133:6:set_pins_to_stop_measurement	8	static
../Core/Src/main.c:138:6:initialize_sd_card	8	static
../Core/Src/main.c:152:6:create_unique_measurement_file	8	static
../Core/Src/main.c:166:10:get_moving_average_with_new_value	24	static
../Core/Src/main.c:184:5:main	8	static
../Core/Src/main.c:268:6:SystemClock_Config	88	static
../Core/Src/main.c:310:13:MX_ADC1_Init	24	static
../Core/Src/main.c:362:13:MX_SPI1_Init	8	static
../Core/Src/main.c:400:13:MX_TIM2_Init	48	static
../Core/Src/main.c:449:13:MX_TIM3_Init	32	static
../Core/Src/main.c:494:13:MX_USART2_UART_Init	8	static
../Core/Src/main.c:527:13:MX_GPIO_Init	40	static
../Core/Src/main.c:563:6:HAL_ADC_ConvCpltCallback	16	static
../Core/Src/main.c:572:6:HAL_UART_RxCpltCallback	16	static
../Core/Src/main.c:583:6:Error_Handler	4	static,ignoring_inline_asm
